node.exe : npm warn Unknown env config "devdir". This will stop working in the next major version of npm. See `npm 
help npmrc` for supported config options.
En línea: 1 Carácter: 1
+ & "C:\Program Files\nodejs/node.exe" "C:\Program Files\nodejs/node_mo ...
+ ~~~~~~~~~~~~~~~~~~~~~~~~~~~~~~~~~~~~~~~~~~~~~~~~~~~~~~~~~~~~~~~~~~~~~
    + CategoryInfo          : NotSpecified: (npm warn Unknow...config options.:String) [], RemoteException
    + FullyQualifiedErrorId : NativeCommandError
 

> erp-frontend@1.0.0 build
> vite build

vite v5.4.21 building for production...
transforming...
Ô£ô 2023 modules transformed.
rendering chunks...
computing gzip size...
dist/registerSW.js                                                0.13 kB
dist/index.html                                                   0.75 kB Ôöé gzip:   0.46 kB
dist/assets/jetbrains-mono-greek-400-normal-C190GLew.woff2        4.23 kB
dist/assets/jetbrains-mono-greek-500-normal-JpySY46c.woff2        4.28 kB
dist/assets/jetbrains-mono-greek-600-normal-H7WoG9Et.woff2        4.31 kB
dist/assets/inter-vietnamese-400-normal-DMkecbls.woff2            4.97 kB
dist/assets/inter-vietnamese-300-normal-Bdr24Bqb.woff2            5.06 kB
dist/assets/inter-vietnamese-600-normal-Cc8MFFhd.woff2            5.10 kB
dist/assets/inter-vietnamese-700-normal-DlLaEgI2.woff2            5.10 kB
dist/assets/inter-vietnamese-500-normal-DOriooB6.woff2            5.11 kB
dist/assets/inter-greek-ext-400-normal-DGGRlc-M.woff2             5.26 kB
dist/assets/jetbrains-mono-cyrillic-400-normal-BEIGL1Tu.woff2     5.33 kB
dist/assets/inter-greek-ext-300-normal-l2DDyC6M.woff2             5.35 kB
dist/assets/jetbrains-mono-cyrillic-500-normal-DmUKJPL_.woff2     5.36 kB
dist/assets/jetbrains-mono-vietnamese-400-normal-CqNFfHCs.woff    5.37 kB
dist/assets/jetbrains-mono-cyrillic-600-normal-EVf6-Yzo.woff2     5.38 kB
dist/assets/inter-greek-ext-500-normal-C4iEst2y.woff2             5.43 kB
dist/assets/inter-greek-ext-600-normal-DRtmH8MT.woff2             5.43 kB
dist/assets/inter-greek-ext-700-normal-qfdV9bQt.woff2             5.44 kB
dist/assets/jetbrains-mono-vietnamese-600-normal-OWROknRo.woff    5.48 kB
dist/assets/jetbrains-mono-vietnamese-500-normal-DNRqzVM1.woff    5.48 kB
dist/assets/jetbrains-mono-greek-400-normal-B9oWc5Lo.woff         5.66 kB
dist/assets/jetbrains-mono-greek-600-normal-mc2nkWzM.woff         5.70 kB
dist/assets/jetbrains-mono-greek-500-normal-D7SFKleX.woff         5.72 kB
dist/assets/inter-vietnamese-400-normal-Bbgyi5SW.woff             6.50 kB
dist/assets/inter-vietnamese-300-normal-DDGmYYdT.woff             6.59 kB
dist/assets/inter-vietnamese-500-normal-mJboJaSs.woff             6.60 kB
dist/assets/inter-vietnamese-700-normal-BZaoP0fm.woff             6.63 kB
dist/assets/inter-vietnamese-600-normal-BuLX-rYi.woff             6.64 kB
dist/assets/jetbrains-mono-cyrillic-400-normal-ugxPyKxw.woff      6.98 kB
dist/assets/jetbrains-mono-cyrillic-600-normal-8K4wrrwR.woff      7.02 kB
dist/assets/jetbrains-mono-cyrillic-500-normal-DJqRU3vO.woff      7.02 kB
dist/assets/inter-greek-ext-400-normal-KugGGMne.woff              7.06 kB
dist/assets/inter-greek-ext-300-normal-DLbbeei1.woff              7.13 kB
dist/assets/inter-greek-ext-500-normal-2j5mBUwD.woff              7.19 kB
dist/assets/inter-greek-ext-600-normal-B8X0CLgF.woff              7.21 kB
dist/assets/inter-greek-ext-700-normal-BoQ6DsYi.woff              7.22 kB
dist/assets/jetbrains-mono-latin-ext-400-normal-Bc8Ftmh3.woff2    7.34 kB
dist/assets/jetbrains-mono-latin-ext-600-normal-BfB_LPfz.woff2    7.51 kB
dist/assets/jetbrains-mono-latin-ext-500-normal-Cut-4mMH.woff2    7.53 kB
dist/assets/inter-cyrillic-400-normal-obahsSVq.woff2              7.71 kB
dist/assets/inter-greek-400-normal-B4URO6DV.woff2                 7.78 kB
dist/assets/inter-cyrillic-300-normal-BnqRxXuy.woff2              7.81 kB
dist/assets/inter-cyrillic-500-normal-BasfLYem.woff2              7.90 kB
dist/assets/inter-cyrillic-700-normal-CjBOestx.woff2              7.90 kB
dist/assets/inter-greek-700-normal-C3JjAnD8.woff2                 7.92 kB
dist/assets/inter-greek-500-normal-BIZE56-Y.woff2                 7.92 kB
dist/assets/inter-greek-600-normal-plRanbMR.woff2                 7.94 kB
dist/assets/inter-cyrillic-600-normal-CWCymEST.woff2              7.97 kB
dist/assets/inter-greek-300-normal-DmGD3g_f.woff2                 8.00 kB
dist/assets/inter-cyrillic-400-normal-HOLc17fK.woff               9.78 kB
dist/assets/inter-cyrillic-300-normal-LR1W_oT8.woff               9.82 kB
dist/assets/inter-cyrillic-700-normal-DrXBdSj3.woff               9.91 kB
dist/assets/inter-greek-400-normal-q2sYcFCs.woff                  9.92 kB
dist/assets/inter-cyrillic-600-normal-4D_pXhcN.woff               9.94 kB
dist/assets/inter-cyrillic-500-normal-CxZf_p3X.woff               9.94 kB
dist/assets/inter-greek-700-normal-BUv2fZ6O.woff                  9.98 kB
dist/assets/inter-greek-500-normal-Xzm54t5V.woff                  9.98 kB
dist/assets/inter-greek-300-normal-BrhSP0vQ.woff                 10.00 kB
dist/assets/inter-greek-600-normal-BZpKdvQh.woff                 10.03 kB
dist/assets/jetbrains-mono-latin-ext-400-normal-fXTG6kC5.woff    10.13 kB
dist/assets/inter-cyrillic-ext-400-normal-BQZuk6qB.woff2         10.23 kB
dist/assets/jetbrains-mono-latin-ext-600-normal-DObL3zCW.woff    10.32 kB
dist/assets/jetbrains-mono-latin-ext-500-normal-ckzbgY84.woff    10.34 kB
dist/assets/inter-cyrillic-ext-300-normal-CgCALhwJ.woff2         10.36 kB
dist/assets/inter-cyrillic-ext-500-normal-B0yAr1jD.woff2         10.43 kB
dist/assets/inter-cyrillic-ext-600-normal-Dfes3d0z.woff2         10.48 kB
dist/assets/inter-cyrillic-ext-700-normal-BjwYoWNd.woff2         10.50 kB
dist/assets/inter-cyrillic-ext-400-normal-DQukG94-.woff          13.34 kB
dist/assets/inter-cyrillic-ext-300-normal-RId2JxDB.woff          13.40 kB
dist/assets/inter-cyrillic-ext-700-normal-LO58E6JB.woff          13.41 kB
dist/assets/inter-cyrillic-ext-500-normal-BmqWE9Dz.woff          13.45 kB
dist/assets/inter-cyrillic-ext-600-normal-Bcila6Z-.woff          13.46 kB
dist/assets/jetbrains-mono-latin-400-normal-V6pRDFza.woff2       21.17 kB
dist/assets/jetbrains-mono-latin-500-normal-BWZEU5yA.woff2       21.83 kB
dist/assets/jetbrains-mono-latin-600-normal-C8RAYTDA.woff2       21.86 kB
dist/assets/inter-latin-400-normal-C38fXH4l.woff2                23.66 kB
dist/assets/inter-latin-300-normal-BVlfKGgI.woff2                23.92 kB
dist/assets/inter-latin-500-normal-Cerq10X2.woff2                24.27 kB
dist/assets/inter-latin-700-normal-Yt3aPRUw.woff2                24.36 kB
dist/assets/inter-latin-600-normal-LgqL8muc.woff2                24.45 kB
dist/assets/jetbrains-mono-latin-400-normal-6-qcROiO.woff        27.50 kB
dist/assets/jetbrains-mono-latin-600-normal-BfsvjouI.woff        28.18 kB
dist/assets/jetbrains-mono-latin-500-normal-CJOVTJB7.woff        28.21 kB
dist/assets/inter-latin-400-normal-CyCys3Eg.woff                 30.70 kB
dist/assets/inter-latin-300-normal-i8F0SvXL.woff                 31.01 kB
dist/assets/inter-latin-600-normal-CiBQ2DWP.woff                 31.26 kB
dist/assets/inter-latin-500-normal-BL9OpVg8.woff                 31.28 kB
dist/assets/inter-latin-700-normal-BLAVimhd.woff                 31.32 kB
dist/assets/inter-latin-ext-400-normal-C1nco2VV.woff2            35.00 kB
dist/assets/inter-latin-ext-300-normal-CPgO9Ksf.woff2            35.88 kB
dist/assets/inter-latin-ext-500-normal-CV4jyFjo.woff2            36.02 kB
dist/assets/inter-latin-ext-700-normal-Ca8adRJv.woff2            36.24 kB
dist/assets/inter-latin-ext-600-normal-D2bJ5OIk.woff2            36.26 kB
dist/assets/inter-latin-ext-400-normal-77YHD8bZ.woff             47.56 kB
dist/assets/inter-latin-ext-500-normal-BxGbmqWO.woff             48.49 kB
dist/assets/inter-latin-ext-300-normal-Dp1L8vcn.woff             48.61 kB
dist/assets/inter-latin-ext-700-normal-TidjK2hL.woff             48.63 kB
dist/assets/inter-latin-ext-600-normal-CIVaiw4L.woff             48.67 kB
dist/assets/FiltersBar-CFE3AdDZ.css                               0.24 kB Ôöé gzip:   0.14 kB
dist/assets/Section-WYxtMLWT.css                                  0.49 kB Ôöé gzip:   0.29 kB
dist/assets/Badge-BECUA2iG.css                                    0.63 kB Ôöé gzip:   0.31 kB
dist/assets/StatusChip-0BO6M7rA.css                               0.70 kB Ôöé gzip:   0.34 kB
dist/assets/ApiErrorDisplay-KLmQH6Vt.css                          0.76 kB Ôöé gzip:   0.40 kB
dist/assets/Tabs-BcuP1KsV.css                                     0.76 kB Ôöé gzip:   0.36 kB
dist/assets/Pagination-3li_DC3T.css                               0.92 kB Ôöé gzip:   0.42 kB
dist/assets/Table-BmulvBTH.css                                    0.95 kB Ôöé gzip:   0.45 kB
dist/assets/SearchInput-DQi3Y6h4.css                              0.99 kB Ôöé gzip:   0.47 kB
dist/assets/PageContainer-DQjsZvZ6.css                            1.11 kB Ôöé gzip:   0.48 kB
dist/assets/ToggleSwitch-DKqmAD0u.css                             1.18 kB Ôöé gzip:   0.59 kB
dist/assets/ForbiddenPage-CqaAcs0S.css                            1.26 kB Ôöé gzip:   0.53 kB
dist/assets/Modal-BsTHqtFa.css                                    1.39 kB Ôöé gzip:   0.62 kB
dist/assets/Skeleton-D8q3vHPq.css                                 1.43 kB Ôöé gzip:   0.59 kB
dist/assets/Drawer-pWj_Fgzj.css                                   1.67 kB Ôöé gzip:   0.67 kB
dist/assets/NotificationsPage-bqe7J2-u.css                        2.44 kB Ôöé gzip:   0.74 kB
dist/assets/BarcodeLabelsPage-C4sXpCy0.css                        3.49 kB Ôöé gzip:   1.12 kB
dist/assets/SetupWizardPage-C4lCB6lA.css                          3.79 kB Ôöé gzip:   1.23 kB
dist/assets/CatalogPage-BXWSjYuz.css                              4.05 kB Ôöé gzip:   1.16 kB
dist/assets/Input-Dg5YTyjf.css                                    4.28 kB Ôöé gzip:   1.44 kB
dist/assets/ImportBalancesModal-Kl6_Gv-V.css                      4.47 kB Ôöé gzip:   1.21 kB
dist/assets/SettingsPage-42OH0Vhd.css                             5.47 kB Ôöé gzip:   1.81 kB
dist/assets/POSPage-o4ghfqeC.css                                 10.14 kB Ôöé gzip:   2.61 kB
dist/assets/index-B0ztSA7k.css                                   59.81 kB Ôöé gzip:  25.90 kB
dist/assets/storefront-orders.api-BgEsgyr9.js                     0.24 kB Ôöé gzip:   0.19 kB
dist/assets/storefront.api-Bz_rvfzH.js                            0.26 kB Ôöé gzip:   0.21 kB
dist/assets/formatCurrency-Ec07W6U0.js                            0.28 kB Ôöé gzip:   0.22 kB
dist/assets/minus-DLkVesXe.js                                     0.29 kB Ôöé gzip:   0.24 kB
dist/assets/branches.api-Bx5AbKXx.js                              0.29 kB Ôöé gzip:   0.19 kB
dist/assets/check-C_5I5WRA.js                                     0.29 kB Ôöé gzip:   0.24 kB
dist/assets/chevron-down-DmrqfQZe.js                              0.30 kB Ôöé gzip:   0.24 kB
dist/assets/chevron-left-gmRm9jEi.js                              0.30 kB Ôöé gzip:   0.25 kB
dist/assets/warehouses.api-C0ARZnhM.js                            0.31 kB Ôöé gzip:   0.19 kB
dist/assets/loader-circle-DD8C7VCv.js                             0.31 kB Ôöé gzip:   0.26 kB
dist/assets/plus-DEKPINon.js                                      0.32 kB Ôöé gzip:   0.25 kB
dist/assets/x-CzVnbKAe.js                                         0.32 kB Ôöé gzip:   0.25 kB
dist/assets/FiltersBar-MCxYLcTa.js                                0.33 kB Ôöé gzip:   0.22 kB
dist/assets/arrow-left-jFdpwB3-.js                                0.33 kB Ôöé gzip:   0.26 kB
dist/assets/arrow-right-DQGugPxh.js                               0.33 kB Ôöé gzip:   0.27 kB
dist/assets/message-square-CLij12A1.js                            0.35 kB Ôöé gzip:   0.27 kB
dist/assets/circle-check-big-COdSV-uR.js                          0.36 kB Ôöé gzip:   0.29 kB
dist/assets/user-D5LNIO4O.js                                      0.37 kB Ôöé gzip:   0.29 kB
dist/assets/eye-CutzLSlz.js                                       0.37 kB Ôöé gzip:   0.28 kB
dist/assets/rotate-ccw-CiinR861.js                                0.37 kB Ôöé gzip:   0.28 kB
dist/assets/map-pin-BLnB5IxS.js                                   0.37 kB Ôöé gzip:   0.30 kB
dist/assets/info-CWh-BGRr.js                                      0.37 kB Ôöé gzip:   0.28 kB
dist/assets/lock-D3h06evV.js                                      0.38 kB Ôöé gzip:   0.29 kB
dist/assets/circle-x-34oX57PP.js                                  0.38 kB Ôöé gzip:   0.28 kB
dist/assets/useDeleteMutation-DlFutJnp.js                         0.38 kB Ôöé gzip:   0.27 kB
dist/assets/mail-C7_REhhK.js                                      0.38 kB Ôöé gzip:   0.30 kB
dist/assets/purchasing.api-Dbv_4pJz.js                            0.39 kB Ôöé gzip:   0.23 kB
dist/assets/pen-AvIFLDf2.js                                       0.40 kB Ôöé gzip:   0.31 kB
dist/assets/useListPage-DoPQ5Sx6.js                               0.41 kB Ôöé gzip:   0.27 kB
dist/assets/arrow-right-left-Dm4USNNr.js                          0.42 kB Ôöé gzip:   0.30 kB
dist/assets/circle-alert-B-9COqHb.js                              0.42 kB Ôöé gzip:   0.29 kB
dist/assets/shopping-bag-IyMVgdEW.js                              0.42 kB Ôöé gzip:   0.30 kB
dist/assets/external-link-CeUVHRmD.js                             0.42 kB Ôöé gzip:   0.30 kB
dist/assets/cloud-upload-BOgd6vpu.js                              0.42 kB Ôöé gzip:   0.31 kB
dist/assets/settings-2-DLfbDbJa.js                                0.42 kB Ôöé gzip:   0.30 kB
dist/assets/archive-BkL93pMO.js                                   0.42 kB Ôöé gzip:   0.31 kB
dist/assets/suppliers.api-AIpKER2g.js                             0.43 kB Ôöé gzip:   0.25 kB
dist/assets/calendar-BaqQd18V.js                                  0.43 kB Ôöé gzip:   0.30 kB
dist/assets/Badge-B4XKwXI7.js                                     0.43 kB Ôöé gzip:   0.30 kB
dist/assets/log-in-CeQCip5E.js                                    0.43 kB Ôöé gzip:   0.32 kB
dist/assets/download-DjxfFx4H.js                                  0.43 kB Ôöé gzip:   0.32 kB
dist/assets/image-rKcX8QDj.js                                     0.44 kB Ôöé gzip:   0.32 kB
dist/assets/shield-BrWWTMuY.js                                    0.44 kB Ôöé gzip:   0.33 kB
dist/assets/wifi-uM-lrcWE.js                                      0.45 kB Ôöé gzip:   0.31 kB
dist/assets/pos.api-Az9cthdq.js                                   0.45 kB Ôöé gzip:   0.29 kB
dist/assets/inventory.api-DSgkuzi3.js                             0.48 kB Ôöé gzip:   0.27 kB
dist/assets/printer-B1RnXjCz.js                                   0.49 kB Ôöé gzip:   0.33 kB
dist/assets/shield-check-MS0pXE3O.js                              0.49 kB Ôöé gzip:   0.35 kB
dist/assets/notifications.api-CAhnTWHJ.js                         0.49 kB Ôöé gzip:   0.25 kB
dist/assets/Tabs-Cwibax4W.js                                      0.49 kB Ôöé gzip:   0.33 kB
dist/assets/save-a842QMDd.js                                      0.50 kB Ôöé gzip:   0.33 kB
dist/assets/StatusChip-DXUEqWpj.js                                0.50 kB Ôöé gzip:   0.35 kB
dist/assets/shield-alert-DdvDCoOC.js                              0.52 kB Ôöé gzip:   0.36 kB
dist/assets/ActionGuard-Bg_oD7Ii.js                               0.52 kB Ôöé gzip:   0.38 kB
dist/assets/trash-2-Dh4SllEG.js                                   0.53 kB Ôöé gzip:   0.35 kB
dist/assets/priceLists.api-5X0Nvk3P.js                            0.55 kB Ôöé gzip:   0.29 kB
dist/assets/treasury.api-B9gAXUYs.js                              0.56 kB Ôöé gzip:   0.28 kB
dist/assets/eye-off-CJXYKm0p.js                                   0.57 kB Ôöé gzip:   0.38 kB
dist/assets/cart.store-DMPIzIns.js                                0.57 kB Ôöé gzip:   0.32 kB
dist/assets/customers.api-CHQZ6065.js                             0.58 kB Ôöé gzip:   0.31 kB
dist/assets/list-B-8nkqC5.js                                      0.58 kB Ôöé gzip:   0.31 kB
dist/assets/package-check-R-xE6DnC.js                             0.59 kB Ôöé gzip:   0.39 kB
dist/assets/package-x-OkwUDcBZ.js                                 0.60 kB Ôöé gzip:   0.39 kB
dist/assets/settings.api-D3kWr_Xq.js                              0.60 kB Ôöé gzip:   0.32 kB
dist/assets/purchases.api-PGSbaTbq.js                             0.61 kB Ôöé gzip:   0.30 kB
dist/assets/building-2-Cp3mynbG.js                                0.61 kB Ôöé gzip:   0.35 kB
dist/assets/arrow-up-right-GoHz5VEf.js                            0.62 kB Ôöé gzip:   0.31 kB
dist/assets/NewProductPage-B9Hd3dFv.js                            0.67 kB Ôöé gzip:   0.40 kB
dist/assets/Section-MsjJ3sGv.js                                   0.67 kB Ôöé gzip:   0.35 kB
dist/assets/wand-sparkles-C4_d0x6D.js                             0.68 kB Ôöé gzip:   0.40 kB
dist/assets/PageContainer-BxLMsfaT.js                             0.70 kB Ôöé gzip:   0.34 kB
dist/assets/calculator-CQLOd8rT.js                                0.70 kB Ôöé gzip:   0.39 kB
dist/assets/finance.api-IlreN--7.js                               0.72 kB Ôöé gzip:   0.31 kB
dist/assets/store-DfjSdiuQ.js                                     0.81 kB Ôöé gzip:   0.40 kB
dist/assets/ApiErrorDisplay-CvgsG9Of.js                           0.83 kB Ôöé gzip:   0.47 kB
dist/assets/ToggleSwitch-Cg4sjr3K.js                              0.86 kB Ôöé gzip:   0.43 kB
dist/assets/SearchInput-BkxBXRBm.js                               0.88 kB Ôöé gzip:   0.55 kB
dist/assets/storefrontAuth.store-C9fOtbb6.js                      0.89 kB Ôöé gzip:   0.39 kB
dist/assets/EditProductPage-zvKeVgjA.js                           0.90 kB Ôöé gzip:   0.53 kB
dist/assets/file-spreadsheet-BqqSAQRV.js                          0.97 kB Ôöé gzip:   0.38 kB
dist/assets/Table-BdFkfeMd.js                                     1.07 kB Ôöé gzip:   0.53 kB
dist/assets/Modal-D96QRh9v.js                                     1.10 kB Ôöé gzip:   0.59 kB
dist/assets/ConfirmDialog-CKEfilAX.js                             1.11 kB Ôöé gzip:   0.60 kB
dist/assets/products.api-BsLlUFqq.js                              1.20 kB Ôöé gzip:   0.45 kB
dist/assets/ImportBalancesModal.module-exOkmydH.js                1.21 kB Ôöé gzip:   0.66 kB
dist/assets/Skeleton-BpZifkAR.js                                  1.23 kB Ôöé gzip:   0.60 kB
dist/assets/Pagination--TbYpUv_.js                                1.32 kB Ôöé gzip:   0.72 kB
dist/assets/Drawer-Be0La2LB.js                                    1.41 kB Ôöé gzip:   0.73 kB
dist/assets/ForbiddenPage-BzIGwcne.js                             1.44 kB Ôöé gzip:   0.80 kB
dist/assets/Input-CCCM7Xbl.js                                     2.75 kB Ôöé gzip:   1.12 kB
dist/assets/useMutation-BnsPSBR6.js                               3.10 kB Ôöé gzip:   1.27 kB
dist/assets/TaxonomyPage-C6Vq1C7F.js                              3.13 kB Ôöé gzip:   1.45 kB
dist/assets/queryKeys-DMWeh9yq.js                                 3.54 kB Ôöé gzip:   0.94 kB
dist/assets/SalesFulfillmentPage-CeeRHAb6.js                      4.05 kB Ôöé gzip:   1.95 kB
dist/assets/PriceInquiryPage-BXKkjtYm.js                          4.62 kB Ôöé gzip:   1.98 kB
dist/assets/BarcodeLabelsPage-CWoDDV3k.js                         4.81 kB Ôöé gzip:   1.80 kB
dist/assets/CustomerFormDrawer-BKbnsLjD.js                        5.31 kB Ôöé gzip:   2.38 kB
dist/assets/StorefrontCartPage-Bw-iArmD.js                        5.49 kB Ôöé gzip:   1.69 kB
dist/assets/ImportBalancesModal-DCr7C6dP.js                       5.55 kB Ôöé gzip:   2.23 kB
dist/assets/SaleDetailDrawer-F-vxAIVL.js                          6.72 kB Ôöé gzip:   2.28 kB
dist/assets/SyncStatusPage-BuCHONno.js                            7.23 kB Ôöé gzip:   2.21 kB
dist/assets/StorefrontLayout-Cq2cuOKR.js                          7.32 kB Ôöé gzip:   2.59 kB
dist/assets/PaymentsPage-ZmVSemlE.js                              7.90 kB Ôöé gzip:   3.09 kB
dist/assets/OnlineProductDetailPage-Dh7ZNKbW.js                   8.31 kB Ôöé gzip:   2.87 kB
dist/assets/SetupWizardPage-sPCNe2gO.js                           9.15 kB Ôöé gzip:   3.13 kB
dist/assets/StorefrontMyOrdersPage-0LA8-CX1.js                    9.27 kB Ôöé gzip:   2.94 kB
dist/assets/RolesPage-BJSGj1_I.js                                 9.81 kB Ôöé gzip:   3.57 kB
dist/assets/UsersPage-CFlxBQZh.js                                 9.95 kB Ôöé gzip:   3.47 kB
dist/assets/CashRegistersPage-BjuTuMuE.js                        10.36 kB Ôöé gzip:   3.66 kB
dist/assets/useQuery-D8O3xDMd.js                                 10.47 kB Ôöé gzip:   3.73 kB
dist/assets/WarehousesPage-DXDURp18.js                           10.50 kB Ôöé gzip:   3.85 kB
dist/assets/CurrentAccountsPage-CHY5Nv-V.js                      10.64 kB Ôöé gzip:   3.73 kB
dist/assets/StockMovementsPage-BzMInwAT.js                       11.26 kB Ôöé gzip:   3.32 kB
dist/assets/BranchesPage-GA1Uk-st.js                             11.28 kB Ôöé gzip:   3.56 kB
dist/assets/CashSessionsPage-BL-sIB3r.js                         11.45 kB Ôöé gzip:   3.71 kB
dist/assets/StorefrontLoginPage-CO8Cj1dO.js                      11.90 kB Ôöé gzip:   4.52 kB
dist/assets/NewPurchasePage-DHhm3t-h.js                          12.10 kB Ôöé gzip:   3.46 kB
dist/assets/CustomersPage-DpOnonWY.js                            12.21 kB Ôöé gzip:   4.00 kB
dist/assets/AuditPage-Dku2YQ6y.js                                12.35 kB Ôöé gzip:   3.84 kB
dist/assets/GoodsReceiptsPage-XZuHZJiO.js                        12.44 kB Ôöé gzip:   4.25 kB
dist/assets/StorefrontCheckoutPage-CMZmPxYI.js                   12.68 kB Ôöé gzip:   3.80 kB
dist/assets/LocationsPage-Cc737Bz6.js                            12.69 kB Ôöé gzip:   4.26 kB
dist/assets/SuppliersPage-NAVMkSNQ.js                            13.84 kB Ôöé gzip:   4.66 kB
dist/assets/NotificationsPage-BarWPnWM.js                        14.52 kB Ôöé gzip:   5.08 kB
dist/assets/LoginPage-sr88Ayev.js                                14.74 kB Ôöé gzip:   4.01 kB
dist/assets/AttributesPage-Bkj7aQ6Q.js                           14.90 kB Ôöé gzip:   3.90 kB
dist/assets/TransfersPage-FqVwJx9w.js                            15.28 kB Ôöé gzip:   4.69 kB
dist/assets/OnlineCatalogPage-WAd9kl2_.js                        15.39 kB Ôöé gzip:   4.37 kB
dist/assets/ReturnsPage-CowdZQLo.js                              15.79 kB Ôöé gzip:   5.05 kB
dist/assets/ReservationsPage-9NPYC-HU.js                         16.05 kB Ôöé gzip:   5.08 kB
dist/assets/PromotionsPage-OuLjJfoN.js                           17.85 kB Ôöé gzip:   5.61 kB
dist/assets/InvoicesPage-BDbCNJQq.js                             17.95 kB Ôöé gzip:   5.04 kB
dist/assets/papaparse.min-BzmFiwlP.js                            19.42 kB Ôöé gzip:   7.21 kB
dist/assets/ProductVariantsPage-D3ND0BZi.js                      20.12 kB Ôöé gzip:   5.91 kB
dist/assets/IntegrationsPage-BzPUUF3d.js                         24.64 kB Ôöé gzip:   7.11 kB
dist/assets/ReportsPage-BFC5qQEC.js                              24.79 kB Ôöé gzip:   6.32 kB
dist/assets/InventoryPage-BJnub7bo.js                            26.68 kB Ôöé gzip:   7.50 kB
dist/assets/SalesPage-Iicrss6B.js                                27.11 kB Ôöé gzip:   8.42 kB
dist/assets/PurchasingPage-C_NzieQ0.js                           27.70 kB Ôöé gzip:   8.38 kB
dist/assets/index.esm-CoGMZNWu.js                                29.07 kB Ôöé gzip:  10.72 kB
dist/assets/CatalogPage-BlvGXWK2.js                              31.32 kB Ôöé gzip:   8.97 kB
dist/assets/ProductEditor-BZurzTHK.js                            31.64 kB Ôöé gzip:   7.54 kB
dist/assets/POSPage-BpR5vNMo.js                                  48.29 kB Ôöé gzip:  16.18 kB
dist/assets/SettingsPage-DXYzHpLs.js                             56.47 kB Ôöé gzip:  13.42 kB
dist/assets/schemas-D_JKsAi3.js                                  72.80 kB Ôöé gzip:  19.74 kB
dist/assets/QRScannerPage-By3cEzl1.js                           337.68 kB Ôöé gzip: 101.18 kB
dist/assets/index-8yRCI5iC.js                                   385.47 kB Ôöé gzip: 128.87 kB
Ô£ô built in 12.28s

PWA v1.3.0
mode      generateSW
precache  173 entries (1723.33 KiB)
files generated
  dist/sw.js
  dist/workbox-9c191d2f.js
